2026-05-18 22:54:47,095 - DEBUG - STREAM b'IHDR' 16 13
2026-05-18 22:54:47,096 - DEBUG - STREAM b'sRGB' 41 1
2026-05-18 22:54:47,097 - DEBUG - STREAM b'gAMA' 54 4
2026-05-18 22:54:47,097 - DEBUG - STREAM b'pHYs' 70 9
2026-05-18 22:54:47,097 - DEBUG - STREAM b'IDAT' 91 10912
2026-05-18 22:54:47,207 - DEBUG - STREAM b'IHDR' 16 13
2026-05-18 22:54:47,208 - DEBUG - STREAM b'sRGB' 41 1
2026-05-18 22:54:47,208 - DEBUG - STREAM b'gAMA' 54 4
2026-05-18 22:54:47,208 - DEBUG - STREAM b'pHYs' 70 9
2026-05-18 22:54:47,208 - DEBUG - STREAM b'IDAT' 91 10912
2026-05-18 22:54:50,409 - DEBUG - STREAM b'IHDR' 16 13
2026-05-18 22:54:50,410 - DEBUG - STREAM b'sRGB' 41 1
2026-05-18 22:54:50,410 - DEBUG - STREAM b'gAMA' 54 4
2026-05-18 22:54:50,410 - DEBUG - STREAM b'pHYs' 70 9
2026-05-18 22:54:50,410 - DEBUG - STREAM b'IDAT' 91 10912
2026-05-18 22:54:50,499 - DEBUG - STREAM b'IHDR' 16 13
2026-05-18 22:54:50,500 - DEBUG - STREAM b'sRGB' 41 1
2026-05-18 22:54:50,500 - DEBUG - STREAM b'gAMA' 54 4
2026-05-18 22:54:50,500 - DEBUG - STREAM b'pHYs' 70 9
2026-05-18 22:54:50,500 - DEBUG - STREAM b'IDAT' 91 10912
2026-05-18 23:15:59,065 - DEBUG - STREAM b'IHDR' 16 13
2026-05-18 23:15:59,067 - DEBUG - STREAM b'sRGB' 41 1
2026-05-18 23:15:59,068 - DEBUG - STREAM b'gAMA' 54 4
2026-05-18 23:15:59,068 - DEBUG - STREAM b'pHYs' 70 9
2026-05-18 23:15:59,068 - DEBUG - STREAM b'IDAT' 91 10912
2026-05-18 23:15:59,162 - DEBUG - STREAM b'IHDR' 16 13
2026-05-18 23:15:59,162 - DEBUG - STREAM b'sRGB' 41 1
2026-05-18 23:15:59,162 - DEBUG - STREAM b'gAMA' 54 4
2026-05-18 23:15:59,162 - DEBUG - STREAM b'pHYs' 70 9
2026-05-18 23:15:59,162 - DEBUG - STREAM b'IDAT' 91 10912
2026-05-18 23:16:02,847 - DEBUG - STREAM b'IHDR' 16 13
2026-05-18 23:16:02,847 - DEBUG - STREAM b'sRGB' 41 1
2026-05-18 23:16:02,847 - DEBUG - STREAM b'gAMA' 54 4
2026-05-18 23:16:02,847 - DEBUG - STREAM b'pHYs' 70 9
2026-05-18 23:16:02,847 - DEBUG - STREAM b'IDAT' 91 10912
2026-05-18 23:16:02,905 - DEBUG - STREAM b'IHDR' 16 13
2026-05-18 23:16:02,905 - DEBUG - STREAM b'sRGB' 41 1
2026-05-18 23:16:02,905 - DEBUG - STREAM b'gAMA' 54 4
2026-05-18 23:16:02,905 - DEBUG - STREAM b'pHYs' 70 9
2026-05-18 23:16:02,905 - DEBUG - STREAM b'IDAT' 91 10912
2026-05-18 23:49:32,771 - DEBUG - STREAM b'IHDR' 16 13
2026-05-18 23:49:32,771 - DEBUG - STREAM b'sRGB' 41 1
2026-05-18 23:49:32,772 - DEBUG - STREAM b'gAMA' 54 4
2026-05-18 23:49:32,772 - DEBUG - STREAM b'pHYs' 70 9
2026-05-18 23:49:32,772 - DEBUG - STREAM b'IDAT' 91 10912
2026-05-18 23:49:32,897 - DEBUG - STREAM b'IHDR' 16 13
2026-05-18 23:49:32,897 - DEBUG - STREAM b'sRGB' 41 1
2026-05-18 23:49:32,897 - DEBUG - STREAM b'gAMA' 54 4
2026-05-18 23:49:32,898 - DEBUG - STREAM b'pHYs' 70 9
2026-05-18 23:49:32,898 - DEBUG - STREAM b'IDAT' 91 10912
2026-05-18 23:49:36,277 - DEBUG - STREAM b'IHDR' 16 13
2026-05-18 23:49:36,277 - DEBUG - STREAM b'sRGB' 41 1
2026-05-18 23:49:36,277 - DEBUG - STREAM b'gAMA' 54 4
2026-05-18 23:49:36,277 - DEBUG - STREAM b'pHYs' 70 9
2026-05-18 23:49:36,277 - DEBUG - STREAM b'IDAT' 91 10912
2026-05-18 23:49:36,341 - DEBUG - STREAM b'IHDR' 16 13
2026-05-18 23:49:36,341 - DEBUG - STREAM b'sRGB' 41 1
2026-05-18 23:49:36,341 - DEBUG - STREAM b'gAMA' 54 4
2026-05-18 23:49:36,341 - DEBUG - STREAM b'pHYs' 70 9
2026-05-18 23:49:36,341 - DEBUG - STREAM b'IDAT' 91 10912
2026-05-18 23:51:31,850 - DEBUG - STREAM b'IHDR' 16 13
2026-05-18 23:51:31,850 - DEBUG - STREAM b'sRGB' 41 1
2026-05-18 23:51:31,850 - DEBUG - STREAM b'gAMA' 54 4
2026-05-18 23:51:31,850 - DEBUG - STREAM b'pHYs' 70 9
2026-05-18 23:51:31,850 - DEBUG - STREAM b'IDAT' 91 10912
2026-05-18 23:51:31,947 - DEBUG - STREAM b'IHDR' 16 13
2026-05-18 23:51:31,947 - DEBUG - STREAM b'sRGB' 41 1
2026-05-18 23:51:31,947 - DEBUG - STREAM b'gAMA' 54 4
2026-05-18 23:51:31,948 - DEBUG - STREAM b'pHYs' 70 9
2026-05-18 23:51:31,948 - DEBUG - STREAM b'IDAT' 91 10912
2026-05-18 23:51:33,328 - DEBUG - STREAM b'IHDR' 16 13
2026-05-18 23:51:33,329 - DEBUG - STREAM b'sRGB' 41 1
2026-05-18 23:51:33,329 - DEBUG - STREAM b'gAMA' 54 4
2026-05-18 23:51:33,329 - DEBUG - STREAM b'pHYs' 70 9
2026-05-18 23:51:33,329 - DEBUG - STREAM b'IDAT' 91 10912
2026-05-18 23:51:33,462 - DEBUG - STREAM b'IHDR' 16 13
2026-05-18 23:51:33,462 - DEBUG - STREAM b'sRGB' 41 1
2026-05-18 23:51:33,462 - DEBUG - STREAM b'gAMA' 54 4
2026-05-18 23:51:33,463 - DEBUG - STREAM b'pHYs' 70 9
2026-05-18 23:51:33,463 - DEBUG - STREAM b'IDAT' 91 10912
2026-05-18 23:52:06,517 - DEBUG - STREAM b'IHDR' 16 13
2026-05-18 23:52:06,518 - DEBUG - STREAM b'sRGB' 41 1
2026-05-18 23:52:06,518 - DEBUG - STREAM b'gAMA' 54 4
2026-05-18 23:52:06,518 - DEBUG - STREAM b'pHYs' 70 9
2026-05-18 23:52:06,518 - DEBUG - STREAM b'IDAT' 91 10912
2026-05-18 23:52:06,604 - DEBUG - STREAM b'IHDR' 16 13
2026-05-18 23:52:06,605 - DEBUG - STREAM b'sRGB' 41 1
2026-05-18 23:52:06,606 - DEBUG - STREAM b'gAMA' 54 4
2026-05-18 23:52:06,607 - DEBUG - STREAM b'pHYs' 70 9
2026-05-18 23:52:06,607 - DEBUG - STREAM b'IDAT' 91 10912
2026-05-18 23:52:08,082 - DEBUG - STREAM b'IHDR' 16 13
2026-05-18 23:52:08,082 - DEBUG - STREAM b'sRGB' 41 1
2026-05-18 23:52:08,082 - DEBUG - STREAM b'gAMA' 54 4
2026-05-18 23:52:08,082 - DEBUG - STREAM b'pHYs' 70 9
2026-05-18 23:52:08,083 - DEBUG - STREAM b'IDAT' 91 10912
2026-05-18 23:52:08,162 - DEBUG - STREAM b'IHDR' 16 13
2026-05-18 23:52:08,163 - DEBUG - STREAM b'sRGB' 41 1
2026-05-18 23:52:08,163 - DEBUG - STREAM b'gAMA' 54 4
2026-05-18 23:52:08,163 - DEBUG - STREAM b'pHYs' 70 9
2026-05-18 23:52:08,163 - DEBUG - STREAM b'IDAT' 91 10912
2026-05-18 23:52:56,187 - DEBUG - STREAM b'IHDR' 16 13
2026-05-18 23:52:56,187 - DEBUG - STREAM b'sRGB' 41 1
2026-05-18 23:52:56,188 - DEBUG - STREAM b'gAMA' 54 4
2026-05-18 23:52:56,189 - DEBUG - STREAM b'pHYs' 70 9
2026-05-18 23:52:56,189 - DEBUG - STREAM b'IDAT' 91 10912
2026-05-18 23:52:56,277 - DEBUG - STREAM b'IHDR' 16 13
2026-05-18 23:52:56,277 - DEBUG - STREAM b'sRGB' 41 1
2026-05-18 23:52:56,277 - DEBUG - STREAM b'gAMA' 54 4
2026-05-18 23:52:56,278 - DEBUG - STREAM b'pHYs' 70 9
2026-05-18 23:52:56,278 - DEBUG - STREAM b'IDAT' 91 10912
2026-05-18 23:52:58,516 - DEBUG - STREAM b'IHDR' 16 13
2026-05-18 23:52:58,516 - DEBUG - STREAM b'sRGB' 41 1
2026-05-18 23:52:58,517 - DEBUG - STREAM b'gAMA' 54 4
2026-05-18 23:52:58,517 - DEBUG - STREAM b'pHYs' 70 9
2026-05-18 23:52:58,517 - DEBUG - STREAM b'IDAT' 91 10912
2026-05-18 23:52:58,611 - DEBUG - STREAM b'IHDR' 16 13
2026-05-18 23:52:58,611 - DEBUG - STREAM b'sRGB' 41 1
2026-05-18 23:52:58,611 - DEBUG - STREAM b'gAMA' 54 4
2026-05-18 23:52:58,611 - DEBUG - STREAM b'pHYs' 70 9
2026-05-18 23:52:58,611 - DEBUG - STREAM b'IDAT' 91 10912
2026-05-18 23:58:09,092 - DEBUG - STREAM b'IHDR' 16 13
2026-05-18 23:58:09,093 - DEBUG - STREAM b'sRGB' 41 1
2026-05-18 23:58:09,093 - DEBUG - STREAM b'gAMA' 54 4
2026-05-18 23:58:09,093 - DEBUG - STREAM b'pHYs' 70 9
2026-05-18 23:58:09,093 - DEBUG - STREAM b'IDAT' 91 10912
2026-05-18 23:58:09,187 - DEBUG - STREAM b'IHDR' 16 13
2026-05-18 23:58:09,187 - DEBUG - STREAM b'sRGB' 41 1
2026-05-18 23:58:09,187 - DEBUG - STREAM b'gAMA' 54 4
2026-05-18 23:58:09,187 - DEBUG - STREAM b'pHYs' 70 9
2026-05-18 23:58:09,188 - DEBUG - STREAM b'IDAT' 91 10912
2026-05-18 23:58:11,474 - DEBUG - STREAM b'IHDR' 16 13
2026-05-18 23:58:11,474 - DEBUG - STREAM b'sRGB' 41 1
2026-05-18 23:58:11,474 - DEBUG - STREAM b'gAMA' 54 4
2026-05-18 23:58:11,474 - DEBUG - STREAM b'pHYs' 70 9
2026-05-18 23:58:11,474 - DEBUG - STREAM b'IDAT' 91 10912
2026-05-18 23:58:11,563 - DEBUG - STREAM b'IHDR' 16 13
2026-05-18 23:58:11,564 - DEBUG - STREAM b'sRGB' 41 1
2026-05-18 23:58:11,564 - DEBUG - STREAM b'gAMA' 54 4
2026-05-18 23:58:11,564 - DEBUG - STREAM b'pHYs' 70 9
2026-05-18 23:58:11,564 - DEBUG - STREAM b'IDAT' 91 10912
2026-05-18 23:58:48,964 - DEBUG - STREAM b'IHDR' 16 13
2026-05-18 23:58:48,964 - DEBUG - STREAM b'sRGB' 41 1
2026-05-18 23:58:48,965 - DEBUG - STREAM b'gAMA' 54 4
2026-05-18 23:58:48,965 - DEBUG - STREAM b'pHYs' 70 9
2026-05-18 23:58:48,965 - DEBUG - STREAM b'IDAT' 91 10912
2026-05-18 23:58:49,005 - DEBUG - STREAM b'IHDR' 16 13
2026-05-18 23:58:49,005 - DEBUG - STREAM b'sRGB' 41 1
2026-05-18 23:58:49,005 - DEBUG - STREAM b'gAMA' 54 4
2026-05-18 23:58:49,005 - DEBUG - STREAM b'pHYs' 70 9
2026-05-18 23:58:49,005 - DEBUG - STREAM b'IDAT' 91 10912
2026-05-18 23:58:50,695 - DEBUG - STREAM b'IHDR' 16 13
2026-05-18 23:58:50,696 - DEBUG - STREAM b'sRGB' 41 1
2026-05-18 23:58:50,696 - DEBUG - STREAM b'gAMA' 54 4
2026-05-18 23:58:50,696 - DEBUG - STREAM b'pHYs' 70 9
2026-05-18 23:58:50,696 - DEBUG - STREAM b'IDAT' 91 10912
2026-05-18 23:58:50,773 - DEBUG - STREAM b'IHDR' 16 13
2026-05-18 23:58:50,774 - DEBUG - STREAM b'sRGB' 41 1
2026-05-18 23:58:50,774 - DEBUG - STREAM b'gAMA' 54 4
2026-05-18 23:58:50,774 - DEBUG - STREAM b'pHYs' 70 9
2026-05-18 23:58:50,774 - DEBUG - STREAM b'IDAT' 91 10912
2026-05-19 00:00:46,195 - DEBUG - STREAM b'IHDR' 16 13
2026-05-19 00:00:46,195 - DEBUG - STREAM b'sRGB' 41 1
2026-05-19 00:00:46,196 - DEBUG - STREAM b'gAMA' 54 4
2026-05-19 00:00:46,196 - DEBUG - STREAM b'pHYs' 70 9
2026-05-19 00:00:46,196 - DEBUG - STREAM b'IDAT' 91 10912
2026-05-19 00:00:46,278 - DEBUG - STREAM b'IHDR' 16 13
2026-05-19 00:00:46,279 - DEBUG - STREAM b'sRGB' 41 1
2026-05-19 00:00:46,279 - DEBUG - STREAM b'gAMA' 54 4
2026-05-19 00:00:46,279 - DEBUG - STREAM b'pHYs' 70 9
2026-05-19 00:00:46,279 - DEBUG - STREAM b'IDAT' 91 10912
